<?xml version="1.0" encoding="ISO-8859-1"?>
<SOAP-ENV:Envelope
  SOAP-ENV:encodingStyle="http://schemas.xmlsoap.org/soap/encoding/"
  xmlns:SOAP-ENV="http://schemas.xmlsoap.org/soap/envelope/"
  xmlns:xsd="http://www.w3.org/2001/XMLSchema" xmlns:xsi="http://www.w3.org/2001/XMLSchema-instance"
  xmlns:SOAP-ENC="http://schemas.xmlsoap.org/soap/encoding/"
>
  <SOAP-ENV:Body>
    <ns1:LatLonListZipCodeResponse
      xmlns:ns1="https://graphical.weather.gov/xml/DWMLgen/wsdl/ndfdXML.wsdl">
      <listLatLonOut xsi:type="xsd:string">
        <?xml version=';1.0';?><dwml
        version=';1.0'; xmlns:xsd=';http://www.w3.org/2001/XMLSchema';
        xmlns:xsi=';http://www.w3.org/2001/XMLSchema-instance';
        xsi:noNamespaceSchemaLocation=';https://graphical.weather.gov/xml/DWMLgen/schema/DWML.xsd';><latLonList>32.9612,-96.8372</latLonList></dwml></listLatLonOut>
    </ns1:LatLonListZipCodeResponse>
  </SOAP-ENV:Body>
</SOAP-ENV:Envelope>